// Jest Snapshot v1, https://goo.gl/fbAQLP

exports[`Landing Page matches snapshot 1`] = `
<div
  data-testid="landing-page"
  id="landing"
>
  <img
    id="landing-title-pic"
    src="test-file-stub"
  />
  <span
    id="landing-description"
  >
    Create and save new Non-Player Characters on the fly!
  </span>
  <div
    className="login-button-container"
  >
    <a
      className="login-anchor"
      href="/google"
    >
      <button
        id="login-button"
        type="button"
      >
        <div
          className="google-icon-wrapper"
        >
          <img
            className="google-icon"
            src="https://upload.wikimedia.org/wikipedia/commons/5/53/Google_%22G%22_Logo.svg"
          />
        </div>
        <span
          className="login-text"
        >
          Log in with Google
        </span>
      </button>
    </a>
    <span
      id="login-separator"
    >
      - or -
    </span>
    <button
      id="sessionless-login"
    >
      Continue without an account
    </button>
  </div>
  <footer>
    <span>
      This application is being constantly updated and is in no way in its final state. This application uses cookies for authenticating user sessions. By using this application you agree to use of cookies in this fashion.
    </span>
  </footer>
</div>
`;
